// Jest Snapshot v1, https://goo.gl/fbAQLP

exports[`render app 1`] = `
<section
  className="hero flex-center"
>
  <div
    className="img-container"
  >
    <img
      alt=""
      src="pexels-tima-miroshnichenko-7991378.jpg"
    />
  </div>
  <div
    className="nowPlaying"
  >
    <p
      data-testid="hero"
    >
      NOW PLAYING
    </p>
    <h1>
      <span>
        NOW
      </span>
       PLAYING
    </h1>
    <div
      className="heroDesc"
    >
      <p>
        TV Shows and web series database
        <br />
        Create personalized schedules. Episode guide cast, crew and character information
      </p>
    </div>
  </div>
  <div
    className="gradient"
  />
</section>
`;
